// Jest Snapshot v1, https://goo.gl/fbAQLP

exports[`ShowItem should render correcly renders the component 1`] = `undefined`;
